=========================================
Shared Memory gRPC Examples - Test Run
Date: Thu Jan  8 01:55:59 UTC 2026
=========================================

=== Test 1: shm_echo client demo ===
=========================================
Running: shm_echo_client
=========================================
╔══════════════════════════════════════════════════════════╗
║    Shared Memory Echo Client - Direct Transport Demo    ║
╚══════════════════════════════════════════════════════════╝

NOTE: This example demonstrates the shared memory transport
working at the transport layer. Standard gRPC examples require
additional integration work to use grpc.NewClient()/NewServer().

The transport layer is fully functional with:
  ✓ Futex-based synchronization
  ✓ Zero-copy shared memory ring buffers
  ✓ Bidirectional streaming without deadlocks
  ✓ HTTP/2-style frame protocol

What's missing for standard gRPC examples:
  ✗ Integration with grpc.NewClient()
  ✗ Integration with grpc.NewServer()
  ✗ Custom resolver for shm:// URLs
  ✗ Transport interface bridge layer

For working demos, see the test files:
  - internal/transport/shm/client_unary_test.go
  - internal/transport/shm/cancel_unary_test.go
  - internal/transport/shm/streaming_test.go

Run tests with:
  go test -v ./internal/transport/shm -run TestUnary


✅ shm_echo_client: SUCCESS


=== Test 2: shm_client_usage demo ===
=========================================
Running: shm_client_usage
=========================================
Example 1: Creating client with default shared memory transport options
Client created successfully with shared memory transport

Example 2: Creating client with custom shared memory transport options
Client created successfully with custom options

To use this client for actual RPC calls:
1. Start a server using grpc.NewServer().Serve(shmListener)
2. Generate protobuf stubs for your service
3. Call methods like: client.MyMethod(ctx, request)

See examples/helloworld for a complete working example

✅ shm_client_usage: SUCCESS


=== Test 3: shm_server_usage demo ===
=========================================
Running: shm_server_usage
=========================================
gRPC Shared Memory Transport - Server Example
==============================================

Configuration:
  Segment Name: my_segment
  Segment Size: 2097152 bytes (2.0 MB)
  Ring A Size:  524288 bytes (512.0 KB)
  Ring B Size:  524288 bytes (512.0 KB)

Creating shared memory listener...
✓ Listener created and ready
  Address: my_segment

Creating gRPC server...
✓ gRPC server created

Server is now ready to accept connections
Waiting for client to connect...

To connect, run a client with:
  grpc.NewClient("shm://my_segment", grpc.WithShmTransport(), ...)

Calling Accept() (will timeout after 10 seconds if no client connects)...
✗ Timeout waiting for client connection

This is expected - no client connected within 10 seconds.

Server Example Complete

In a production server:
1. Create listener with NewShmListener()
2. Create gRPC server with grpc.NewServer()
3. Register your service implementations
4. Call server.Serve(listener) - blocks handling RPCs
5. Accept() will be called internally for each client

✅ shm_server_usage: SUCCESS


=== Test 4: helloworld_shm client-server test ===
Starting helloworld_shm server...
Running helloworld_shm client...
2026/01/08 01:56:15 Connecting to shared memory segment: helloworld_shm
2026/01/08 01:56:15 Calling SayHello with name: ShmTest
2026/01/08 01:56:15 [DEBUG] ShmClientTransport.processIncomingData: STARTED
2026/01/08 01:56:15 [DEBUG] ShmClientTransport.processIncomingData: waiting for frame from server...
2026/01/08 01:56:15 [DEBUG] ShmClientTransport.processIncomingData: received frame type=1, streamID=1, length=20
2026/01/08 01:56:15 [DEBUG] ShmClientTransport.processIncomingData: waiting for frame from server...
2026/01/08 01:56:15 [DEBUG] ShmClientTransport.processIncomingData: received frame type=2, streamID=1, length=20
2026/01/08 01:56:15 [DEBUG] ShmClientTransport.processIncomingData: waiting for frame from server...
2026/01/08 01:56:15 [DEBUG] ShmClientTransport.processIncomingData: received frame type=3, streamID=1, length=11
2026/01/08 01:56:15 [DEBUG] ShmClientTransport.processIncomingData: waiting for frame from server...
2026/01/08 01:56:15 Greeting: Hello ShmTest
2026/01/08 01:56:15 [DEBUG] ShmClientTransport.processIncomingData: readFrame error: context canceled
2026/01/08 01:56:15 [DEBUG] ShmClientTransport.processIncomingData: EXITING

✅ helloworld_shm: SUCCESS

=== Test 5: route_guide_shm client-server test ===
Starting route_guide_shm server...
Running route_guide_shm client...
2026/01/08 01:56:18 Getting feature for point (409146138, -746188906)
2026/01/08 01:56:18 [DEBUG] ShmClientTransport.processIncomingData: STARTED
2026/01/08 01:56:18 [DEBUG] ShmClientTransport.processIncomingData: waiting for frame from server...
2026/01/08 01:56:18 [DEBUG] ShmClientTransport.processIncomingData: received frame type=1, streamID=1, length=20
2026/01/08 01:56:18 [DEBUG] ShmClientTransport.processIncomingData: waiting for frame from server...
2026/01/08 01:56:18 [DEBUG] ShmClientTransport.processIncomingData: received frame type=2, streamID=1, length=84
2026/01/08 01:56:18 [DEBUG] ShmClientTransport.processIncomingData: waiting for frame from server...
2026/01/08 01:56:18 [DEBUG] ShmClientTransport.processIncomingData: received frame type=3, streamID=1, length=11
2026/01/08 01:56:18 [DEBUG] ShmClientTransport.processIncomingData: waiting for frame from server...
2026/01/08 01:56:18 name:"Berkshire Valley Management Area Trail, Jefferson, NJ, USA" location:{latitude:409146138 longitude:-746188906}
2026/01/08 01:56:18 Getting feature for point (0, 0)
2026/01/08 01:56:18 [DEBUG] ShmClientTransport.processIncomingData: received frame type=1, streamID=3, length=20
2026/01/08 01:56:18 [DEBUG] ShmClientTransport.processIncomingData: waiting for frame from server...
2026/01/08 01:56:18 [DEBUG] ShmClientTransport.processIncomingData: received frame type=2, streamID=3, length=7
2026/01/08 01:56:18 [DEBUG] ShmClientTransport.processIncomingData: waiting for frame from server...
2026/01/08 01:56:18 [DEBUG] ShmClientTransport.processIncomingData: received frame type=3, streamID=3, length=11
2026/01/08 01:56:18 [DEBUG] ShmClientTransport.processIncomingData: waiting for frame from server...
2026/01/08 01:56:18 location:{}
2026/01/08 01:56:18 Looking for features within lo:{latitude:400000000 longitude:-750000000} hi:{latitude:420000000 longitude:-730000000}
2026/01/08 01:56:18 [DEBUG] ShmClientTransport.processIncomingData: received frame type=1, streamID=5, length=20
2026/01/08 01:56:18 [DEBUG] ShmClientTransport.processIncomingData: waiting for frame from server...
2026/01/08 01:56:18 [DEBUG] ShmClientTransport.processIncomingData: received frame type=2, streamID=5, length=84
2026/01/08 01:56:18 [DEBUG] ShmClientTransport.processIncomingData: waiting for frame from server...
2026/01/08 01:56:18 [DEBUG] ShmClientTransport.processIncomingData: received frame type=2, streamID=5, length=62
2026/01/08 01:56:18 [DEBUG] ShmClientTransport.processIncomingData: waiting for frame from server...
2026/01/08 01:56:18 [DEBUG] ShmClientTransport.processIncomingData: received frame type=3, streamID=5, length=11
2026/01/08 01:56:18 [DEBUG] ShmClientTransport.processIncomingData: waiting for frame from server...
2026/01/08 01:56:18 Feature: name: "Berkshire Valley Management Area Trail, Jefferson, NJ, USA", point:(409146138, -746188906)
2026/01/08 01:56:18 Feature: name: "Travis Wolfe Park, Randolph, NJ, USA", point:(411633859, -746132561)
2026/01/08 01:56:18 Traversing 22 points.
2026/01/08 01:56:18 [DEBUG] ShmClientTransport.processIncomingData: received frame type=1, streamID=7, length=20
2026/01/08 01:56:18 [DEBUG] ShmClientTransport.processIncomingData: waiting for frame from server...
2026/01/08 01:56:18 [DEBUG] ShmClientTransport.processIncomingData: received frame type=2, streamID=7, length=12
2026/01/08 01:56:18 [DEBUG] ShmClientTransport.processIncomingData: waiting for frame from server...
2026/01/08 01:56:18 [DEBUG] ShmClientTransport.processIncomingData: received frame type=3, streamID=7, length=11
2026/01/08 01:56:18 [DEBUG] ShmClientTransport.processIncomingData: waiting for frame from server...
2026/01/08 01:56:18 Route summary: point_count:22 distance:204537933
2026/01/08 01:56:18 [DEBUG] ShmClientTransport.processIncomingData: received frame type=1, streamID=9, length=20
2026/01/08 01:56:18 [DEBUG] ShmClientTransport.processIncomingData: waiting for frame from server...
2026/01/08 01:56:18 [DEBUG] ShmClientTransport.processIncomingData: received frame type=2, streamID=9, length=24
2026/01/08 01:56:18 [DEBUG] ShmClientTransport.processIncomingData: waiting for frame from server...
2026/01/08 01:56:18 [DEBUG] ShmClientTransport.processIncomingData: received frame type=2, streamID=9, length=25
2026/01/08 01:56:18 [DEBUG] ShmClientTransport.processIncomingData: waiting for frame from server...
2026/01/08 01:56:18 [DEBUG] ShmClientTransport.processIncomingData: received frame type=2, streamID=9, length=24
2026/01/08 01:56:18 [DEBUG] ShmClientTransport.processIncomingData: waiting for frame from server...
2026/01/08 01:56:18 [DEBUG] ShmClientTransport.processIncomingData: received frame type=2, streamID=9, length=24
2026/01/08 01:56:18 [DEBUG] ShmClientTransport.processIncomingData: waiting for frame from server...
2026/01/08 01:56:18 [DEBUG] ShmClientTransport.processIncomingData: received frame type=2, streamID=9, length=25
2026/01/08 01:56:18 [DEBUG] ShmClientTransport.processIncomingData: waiting for frame from server...
2026/01/08 01:56:18 [DEBUG] ShmClientTransport.processIncomingData: received frame type=2, streamID=9, length=25
2026/01/08 01:56:18 [DEBUG] ShmClientTransport.processIncomingData: waiting for frame from server...
2026/01/08 01:56:18 [DEBUG] ShmClientTransport.processIncomingData: received frame type=2, streamID=9, length=24
2026/01/08 01:56:18 [DEBUG] ShmClientTransport.processIncomingData: waiting for frame from server...
2026/01/08 01:56:18 [DEBUG] ShmClientTransport.processIncomingData: received frame type=2, streamID=9, length=24
2026/01/08 01:56:18 [DEBUG] ShmClientTransport.processIncomingData: waiting for frame from server...
2026/01/08 01:56:18 Got message First message at point(0, 1)
2026/01/08 01:56:18 Got message Second message at point(0, 2)
2026/01/08 01:56:18 Got message Third message at point(0, 3)
2026/01/08 01:56:18 Got message First message at point(0, 1)
2026/01/08 01:56:18 Got message Fourth message at point(0, 1)
2026/01/08 01:56:18 Got message Second message at point(0, 2)
2026/01/08 01:56:18 Got message Fifth message at point(0, 2)
2026/01/08 01:56:18 Got message Third message at point(0, 3)
2026/01/08 01:56:18 [DEBUG] ShmClientTransport.processIncomingData: received frame type=2, streamID=9, length=24
2026/01/08 01:56:18 [DEBUG] ShmClientTransport.processIncomingData: waiting for frame from server...
2026/01/08 01:56:18 [DEBUG] ShmClientTransport.processIncomingData: received frame type=3, streamID=9, length=11
2026/01/08 01:56:18 [DEBUG] ShmClientTransport.processIncomingData: waiting for frame from server...
2026/01/08 01:56:18 Got message Sixth message at point(0, 3)
2026/01/08 01:56:18 [DEBUG] ShmClientTransport.processIncomingData: readFrame error: context canceled
2026/01/08 01:56:18 [DEBUG] ShmClientTransport.processIncomingData: EXITING

✅ route_guide_shm: SUCCESS

=========================================
SUMMARY
=========================================
Passed: 5
Failed: 0

🎉 All examples ran successfully!
